---
source: tests/tests/it_build_kitchen_sink.rs
expression: yaml_output
---
opencli: 1.0.0
info:
  title: Open Command-Line Interface Specification
  description: Standard for defining command-line interfaces
  version: 1.0.0
  contact:
    name: OpenCLI Working Group
    url: https://github.com/nrranjithnr/open-cli-specification
  license:
    name: Apache 2.0
    url: https://www.apache.org/licenses/LICENSE-2.0
commands:
  /generate:
    summary: Generate CLI code
    description: Generate CLI implementation code from specification
    operationId: generateCommand
    aliases:
    - gen
    - codegen
    tags:
    - core
    parameters:
    - name: spec
      in: argument
      position: 1
      description: Path to the CLI specification file
      required: true
      scope: local
      schema:
        type: string
        format: path
        example: my-cli.yaml
    - name: language
      alias:
      - l
      description: Target programming language
      required: true
      scope: local
      schema:
        type: string
        enum:
        - go
        - python
        - javascript
        - typescript
        - rust
        - java
        example: go
    - name: output-dir
      alias:
      - o
      description: Output directory for generated code
      scope: local
      schema:
        type: string
        format: path
        default: ./generated
    - name: template
      alias:
      - t
      description: Code generation template
      scope: local
      schema:
        type: string
        enum:
        - basic
        - advanced
        - framework
        default: basic
    responses:
      '0':
        description: Code generation successful
        content:
          application/json:
            schema:
              $ref: '#/components/schemas/GenerationResult'
            example:
              files_generated:
              - path: main.go
                size: 1024
                type: source
              - path: cmd/root.go
                size: 2048
                type: source
              - path: README.md
                size: 512
                type: documentation
              language: go
              output_directory: ./generated
              success: true
              template: basic
          text/plain:
            example: |
              ✓ Code generation successful
              Generated 5 files in ./generated:
                - main.go
                - cmd/root.go
                - cmd/validate.go
                - cmd/generate.go
                - README.md
      '1':
        description: Generation failed
        content:
          application/json:
            schema:
              $ref: '#/components/schemas/Error'
            example:
              code: 1
              details: Invalid specification file. Please run validation first.
              message: Code generation failed
          text/plain:
            example: |
              ✗ Code generation failed
              Error: Invalid specification file
              Please run 'ocs validate' first
  /lint:
    summary: Lint multiple CLI specification files
    description: Check multiple CLI specification files for style and best practices
    operationId: lintCommand
    aliases:
    - check-style
    tags:
    - core
    parameters:
    - name: files
      in: argument
      position: 1
      description: Paths to CLI specification files to lint
      required: true
      scope: local
      arity:
        min: 1
      schema:
        type: string
        format: path
        example: spec1.yaml spec2.yaml
    - name: rules
      alias:
      - r
      description: Specific linting rules to apply
      scope: local
      arity:
        min: 1
        max: 10
      schema:
        type: string
        example: naming-convention parameter-validation
    - name: exclude
      alias:
      - x
      description: Rules to exclude from linting
      scope: local
      arity:
        min: 0
        max: 5
      schema:
        type: string
    responses:
      '0':
        description: Linting completed successfully
        content:
          application/json:
            schema:
              type: object
              properties:
                files_checked:
                  type: integer
                issues_found:
                  type: integer
                passed:
                  type: boolean
  /validate:
    summary: Validate CLI specification
    description: Validate a CLI specification file against the OpenCLI standard
    operationId: validateCommand
    aliases:
    - val
    - check
    tags:
    - core
    parameters:
    - name: file
      in: argument
      position: 1
      description: Path to the CLI specification file
      required: true
      scope: local
      schema:
        type: string
        format: path
        example: opencli.yaml
      x-completion: file
      x-validation: file-exists
    - name: strict
      in: flag
      alias:
      - s
      description: Enable strict validation mode
      scope: local
      schema:
        type: boolean
        default: false
    - name: output
      alias:
      - o
      description: Output format for validation results
      scope: local
      schema:
        type: string
        enum:
        - json
        - yaml
        - text
        default: text
    responses:
      '0':
        description: Validation successful
        content:
          application/json:
            schema:
              type: object
              properties:
                errors:
                  type: array
                  items:
                    type: string
                file:
                  type: string
                valid:
                  type: boolean
                warnings:
                  type: array
                  items:
                    type: string
            example:
              errors: []
              file: opencli.yaml
              valid: true
              warnings: []
          application/yaml:
            example: |
              valid: true
              file: opencli.yaml
              errors: []
              warnings: []
          text/plain:
            example: |
              ✓ Validation successful
              No errors found in opencli.yaml
      '1':
        description: Validation failed
        content:
          application/json:
            schema:
              $ref: '#/components/schemas/ValidationResult'
            example:
              errors:
              - line: 5
                message: Missing required field 'operationId'
                severity: error
              - line: 12
                message: Invalid enum value 'invalid-type'
                severity: error
              file: opencli.yaml
              valid: false
              warnings: []
          text/plain:
            example: |
              ✗ Validation failed
              Found 2 errors in opencli.yaml:
                - Line 5: Missing required field 'operationId'
                - Line 12: Invalid enum value 'invalid-type'
      '2':
        description: File not found or not readable
        content:
          application/json:
            schema:
              $ref: '#/components/schemas/Error'
            example:
              code: 2
              details: Could not read 'missing-spec.yaml'
              message: File not found
          text/plain:
            example: |
              ✗ Error: File not found
              Could not read 'missing-spec.yaml'
              Please check the file path and permissions
    x-cli-category: validation
    x-performance: fast
  ocs:
    summary: Open CLI Spec tool
    description: Main entry point for the Open CLI Specification tool
    operationId: rootCommand
    aliases:
    - opencli
    tags:
    - core
    parameters:
    - name: config
      alias:
      - c
      description: Path to configuration file
      scope: inherited
      schema:
        type: string
        format: path
        example: ~/.config/ocs/config.yaml
    - name: verbose
      in: flag
      alias:
      - v
      description: Enable verbose output
      scope: inherited
      schema:
        type: boolean
        default: false
    - name: quiet
      in: flag
      alias:
      - q
      description: Suppress non-essential output
      scope: inherited
      schema:
        type: boolean
        default: false
    - name: version
      in: flag
      alias:
      - V
      description: Show CLI version
      scope: local
      schema:
        type: boolean
    - name: help
      in: flag
      alias:
      - h
      description: Show help information
      scope: local
      schema:
        type: boolean
    responses:
      '0':
        description: Version information displayed
        content:
          application/json:
            schema:
              type: object
              properties:
                cli_version:
                  type: string
                commands:
                  type: array
                  items:
                    type: object
                    properties:
                      description:
                        type: string
                      name:
                        type: string
                platform:
                  type: string
                spec_version:
                  type: string
            example:
              cli_version: 1.0.0
              commands:
              - description: Validate CLI specification files
                name: validate
              - description: Generate CLI code from specification
                name: generate
              - description: Lint CLI specification files
                name: lint
              platform: linux-amd64
              spec_version: 1.0.0
          text/plain:
            example: "ocs v1.0.0\nOpenCLI Specification v1.0.0\nPlatform: linux-amd64\n\nUsage: ocs [command] [flags]\n\nAvailable Commands:\n  validate    Validate CLI specification files\n  generate    Generate CLI code from specification\n  lint        Lint CLI specification files\n  \nUse \"ocs [command] --help\" for more information about a command.\n"
components:
  schemas:
    Error:
      type: object
      properties:
        code:
          type: integer
          format: int32
        details:
          type: string
        message:
          type: string
      required:
      - code
      - message
    GeneratedFile:
      type: object
      properties:
        path:
          type: string
        size:
          type: integer
        type:
          type: string
      required:
      - path
      - type
    GenerationResult:
      type: object
      properties:
        files_generated:
          type: array
          items:
            $ref: '#/components/schemas/GeneratedFile'
        language:
          type: string
        output_directory:
          type: string
        success:
          type: boolean
        template:
          type: string
      required:
      - success
      - output_directory
    ValidationError:
      type: object
      properties:
        line:
          type: integer
        message:
          type: string
        severity:
          type: string
          enum:
          - error
          - warning
      required:
      - line
      - message
      - severity
    ValidationResult:
      type: object
      properties:
        errors:
          type: array
          items:
            $ref: '#/components/schemas/ValidationError'
        file:
          type: string
        valid:
          type: boolean
        warnings:
          type: array
          items:
            type: string
tags:
- name: core
  description: Core commands and utilities
- name: data
  description: Data processing commands
- name: auth
  description: Authentication and user management
- name: system
  description: System-level commands and utilities
platforms:
- name: linux
  architectures:
  - amd64
  - arm64
- name: darwin
  architectures:
  - amd64
  - arm64
- name: windows
  architectures:
  - amd64
  - arm64
environment:
- name: OCS_CONFIG_PATH
  description: Override default configuration file path
- name: OCS_VERBOSE
  description: Enable verbose output globally
- name: OCS_QUIET
  description: Suppress non-essential output globally
externalDocs:
  description: Find out more about OpenCLI
  url: https://www.openclispec.org
